Mutation_in_alignment,Mutation_in_genome,Substitution,Branch,Original_mutation
CC854TT,CC1902462TT,CC>TT,ERR2659153,Forward
CC1010AA,CC2189740AA,CC>AA,ERR2659153,Forward
CA1669TG,CA3586634TG,CA>TG,ERR2659153,Forward
GA80TT,GA209051TT,GA>TT,NODE_0000004,Forward
GC273AA,GC515330AA,GC>AA,NODE_0000004,Reverse
CG1902AC,CG4078966AC,CG>AC,NODE_0000004,Forward
CC734TT,CC1608127TT,CC>TT,SRR5642713,Forward
CA1351GT,CA2908270GT,CA>GT,ERR2659154,Forward
AC1056CA,AC2287997CA,AC>CA,SRR2101161,Forward
AT1557CA,AT3337626CA,AT>CA,SRR5642712,Forward
CC1687TT,CC3615245TT,CC>TT,SRR5642712,Reverse
AA1644GC,AA3547927GC,AA>GC,SRR5642715,Reverse
CC926TG,CC2041595TG,CC>TG,SRR2100577.1,Reverse
GA1959TC,GA4192170TC,GA>TC,SRR2100577.1,Reverse
AG2016CA,AG4276138CA,AG>CA,SRR2100577.1,Reverse
