Mutation_type,Number_of_mutations
CA,148
CG,198
CT,794
TA,44
TC,414
TG,127
