Substitution,Number_of_mutations
CA,53
CG,70
CT,282
TA,30
TC,280
TG,86
