Substitution,Number_of_mutations
A[C>A]A,18
A[C>A]C,31
A[C>A]G,21
A[C>A]T,16
C[C>A]A,11
C[C>A]C,21
C[C>A]G,26
C[C>A]T,10
G[C>A]A,37
G[C>A]C,28
G[C>A]G,42
G[C>A]T,16
T[C>A]A,29
T[C>A]C,17
T[C>A]G,31
T[C>A]T,32
A[C>G]A,41
A[C>G]C,46
A[C>G]G,36
A[C>G]T,33
C[C>G]A,31
C[C>G]C,57
C[C>G]G,41
C[C>G]T,49
G[C>G]A,43
G[C>G]C,30
G[C>G]G,26
G[C>G]T,19
T[C>G]A,29
T[C>G]C,26
T[C>G]G,27
T[C>G]T,48
A[C>T]A,111
A[C>T]C,102
A[C>T]G,152
A[C>T]T,123
C[C>T]A,172
C[C>T]C,102
C[C>T]G,167
C[C>T]T,127
G[C>T]A,115
G[C>T]C,114
G[C>T]G,216
G[C>T]T,135
T[C>T]A,112
T[C>T]C,115
T[C>T]G,146
T[C>T]T,89
A[T>A]A,32
A[T>A]C,7
A[T>A]G,0
A[T>A]T,10
C[T>A]A,25
C[T>A]C,27
C[T>A]G,15
C[T>A]T,49
G[T>A]A,9
G[T>A]C,11
G[T>A]G,9
G[T>A]T,5
T[T>A]A,27
T[T>A]C,25
T[T>A]G,9
T[T>A]T,23
A[T>C]A,195
A[T>C]C,117
A[T>C]G,122
A[T>C]T,94
C[T>C]A,100
C[T>C]C,60
C[T>C]G,64
C[T>C]T,56
G[T>C]A,187
G[T>C]C,235
G[T>C]G,158
G[T>C]T,280
T[T>C]A,356
T[T>C]C,137
T[T>C]G,104
T[T>C]T,90
A[T>G]A,49
A[T>G]C,32
A[T>G]G,20
A[T>G]T,21
C[T>G]A,37
C[T>G]C,87
C[T>G]G,43
C[T>G]T,63
G[T>G]A,9
G[T>G]C,88
G[T>G]G,18
G[T>G]T,72
T[T>G]A,0
T[T>G]C,41
T[T>G]G,5
T[T>G]T,23
