Substitution,Number_of_mutations
A[C>A]A,3
A[C>A]C,12
A[C>A]G,7
A[C>A]T,2
C[C>A]A,4
C[C>A]C,7
C[C>A]G,18
C[C>A]T,2
G[C>A]A,13
G[C>A]C,18
G[C>A]G,28
G[C>A]T,5
T[C>A]A,6
T[C>A]C,4
T[C>A]G,15
T[C>A]T,4
A[C>G]A,7
A[C>G]C,18
A[C>G]G,12
A[C>G]T,4
C[C>G]A,11
C[C>G]C,19
C[C>G]G,29
C[C>G]T,10
G[C>G]A,15
G[C>G]C,19
G[C>G]G,17
G[C>G]T,6
T[C>G]A,6
T[C>G]C,6
T[C>G]G,13
T[C>G]T,6
A[C>T]A,19
A[C>T]C,40
A[C>T]G,50
A[C>T]T,15
C[C>T]A,61
C[C>T]C,34
C[C>T]G,118
C[C>T]T,26
G[C>T]A,40
G[C>T]C,73
G[C>T]G,143
G[C>T]T,43
T[C>T]A,23
T[C>T]C,27
T[C>T]G,71
T[C>T]T,11
A[T>A]A,2
A[T>A]C,2
A[T>A]G,0
A[T>A]T,1
C[T>A]A,2
C[T>A]C,6
C[T>A]G,5
C[T>A]T,7
G[T>A]A,1
G[T>A]C,4
G[T>A]G,3
G[T>A]T,1
T[T>A]A,1
T[T>A]C,5
T[T>A]G,2
T[T>A]T,2
A[T>C]A,12
A[T>C]C,33
A[T>C]G,24
A[T>C]T,9
C[T>C]A,8
C[T>C]C,13
C[T>C]G,21
C[T>C]T,8
G[T>C]A,21
G[T>C]C,83
G[T>C]G,54
G[T>C]T,58
T[T>C]A,13
T[T>C]C,27
T[T>C]G,22
T[T>C]T,8
A[T>G]A,3
A[T>G]C,9
A[T>G]G,4
A[T>G]T,2
C[T>G]A,3
C[T>G]C,19
C[T>G]G,14
C[T>G]T,9
G[T>G]A,1
G[T>G]C,31
G[T>G]G,6
G[T>G]T,15
T[T>G]A,0
T[T>G]C,8
T[T>G]G,1
T[T>G]T,2
